// Jest Snapshot v1, https://goo.gl/fbAQLP

exports[`DefaultValue layout is renders correctly 1`] = `
<div>
  <!---->
  <!---->
  <!---->
</div>
`;
