// Jest Snapshot v1, https://goo.gl/fbAQLP

exports[`OptionsSettings component is renders correctly 1`] = `undefined`;

exports[`OptionsSettings layout is renders correctly 1`] = `
<div>
  <vuecomponent-stub></vuecomponent-stub>
  <!---->
  <!---->
  <!---->
</div>
`;
