// Jest Snapshot v1, https://goo.gl/fbAQLP

exports[`QuestionForm layout is renders correctly 1`] = `<vuecomponent-stub model="[object Object]" rules="[object Object]" label-width="200px" style="max-width: 700px;"></vuecomponent-stub>`;
